$ pnpm run type-check && vite build
$ vue-tsc --noEmit -p tsconfig.app.json && tsc --noEmit -p tsconfig.node.json
vite v8.2.2 building client environment for production...
transforming...
✓ 3125 modules transformed.
rendering chunks...
computing gzip size...
../internal/webui/dist/index.html                                          1.31 kB │ gzip:  0.50 kB
../internal/webui/dist/.vite/manifest.json                                47.00 kB │ gzip:  5.25 kB
../internal/webui/dist/assets/AppDateTime-CkPnbvUF.css                     0.09 kB │ gzip:  0.10 kB
../internal/webui/dist/assets/ImportView-CC94V8vt.css                      0.40 kB │ gzip:  0.20 kB
../internal/webui/dist/assets/AccessKeyCostLimitWindowTime-DphXM2kd.css    0.45 kB │ gzip:  0.22 kB
../internal/webui/dist/assets/CopyFallbackDialog-DZiM5r6E.css              0.52 kB │ gzip:  0.25 kB
../internal/webui/dist/assets/AppTypedConfirmation-BnsHogD2.css            0.52 kB │ gzip:  0.28 kB
../internal/webui/dist/assets/AppRelativeTime-B0yriHtI.css                 0.55 kB │ gzip:  0.24 kB
../internal/webui/dist/assets/ChannelIcon-C5MeZwL8.css                     0.58 kB │ gzip:  0.30 kB
../internal/webui/dist/assets/CopyButton-Cq7tOuCW.css                      0.71 kB │ gzip:  0.34 kB
../internal/webui/dist/assets/AsyncRefreshIndicator-DHnIB-Bh.css           0.86 kB │ gzip:  0.40 kB
../internal/webui/dist/assets/PageHeader-D-oi7J9A.css                      1.04 kB │ gzip:  0.40 kB
../internal/webui/dist/assets/PageFrame-DuaQCMwi.css                       1.05 kB │ gzip:  0.39 kB
../internal/webui/dist/assets/AppSwitch-ByDeya2F.css                       1.09 kB │ gzip:  0.44 kB
../internal/webui/dist/assets/AccessKeySelect-Bx_hLrOO.css                 1.17 kB │ gzip:  0.47 kB
../internal/webui/dist/assets/AppSearchInput-BaykXUWG.css                  1.28 kB │ gzip:  0.48 kB
../internal/webui/dist/assets/StatusBadge-1mQbydSL.css                     1.29 kB │ gzip:  0.33 kB
../internal/webui/dist/assets/CollectionFilterBar-C_yjDCuF.css             1.41 kB │ gzip:  0.49 kB
../internal/webui/dist/assets/PaginationBar-CqnQJkQ3.css                   1.44 kB │ gzip:  0.50 kB
../internal/webui/dist/assets/EmptyState-D5E6hBNa.css                      1.47 kB │ gzip:  0.48 kB
../internal/webui/dist/assets/CredentialHealthBar-C46aBGdM.css             1.60 kB │ gzip:  0.48 kB
../internal/webui/dist/assets/LedgerRecordList-D3NtQTHs.css                1.81 kB │ gzip:  0.60 kB
../internal/webui/dist/assets/DisclosurePanel-BJCfCHeJ.css                 1.87 kB │ gzip:  0.60 kB
../internal/webui/dist/assets/StickySaveBar-CLfdDl7s.css                   2.04 kB │ gzip:  0.54 kB
../internal/webui/dist/assets/AppTextInput-qIBr5uwW.css                    2.07 kB │ gzip:  0.57 kB
../internal/webui/dist/assets/AppTabs-DLgHg_1A.css                         2.10 kB │ gzip:  0.65 kB
../internal/webui/dist/assets/CredentialTextarea-JkajogoK.css              2.15 kB │ gzip:  0.68 kB
../internal/webui/dist/assets/CopyChip-C02NjFYz.css                        2.16 kB │ gzip:  0.73 kB
../internal/webui/dist/assets/DataTable-Cbwe6_w4.css                       2.26 kB │ gzip:  0.66 kB
../internal/webui/dist/assets/FormField-QIBAcJnF.css                       2.28 kB │ gzip:  0.68 kB
../internal/webui/dist/assets/AppSelect-ClDiyUbh.css                       2.46 kB │ gzip:  0.78 kB
../internal/webui/dist/assets/NotFoundView-COQ1W3fZ.css                    2.95 kB │ gzip:  0.81 kB
../internal/webui/dist/assets/SegmentedControl-DF0SGmXe.css                3.17 kB │ gzip:  0.70 kB
../internal/webui/dist/assets/ExistingGroupImport-Bx2gHDrw.css             3.19 kB │ gzip:  0.84 kB
../internal/webui/dist/assets/GroupsView-DHT68OQU.css                      3.98 kB │ gzip:  1.07 kB
../internal/webui/dist/assets/AppDrawer-D-182e2l.css                       4.03 kB │ gzip:  1.16 kB
../internal/webui/dist/assets/CollectionStatusSummary-DULHSLEP.css         4.04 kB │ gzip:  0.98 kB
../internal/webui/dist/assets/AppButton-BmunRCib.css                       4.54 kB │ gzip:  1.00 kB
../internal/webui/dist/assets/LoginView-BcCktj_6.css                       4.63 kB │ gzip:  1.12 kB
../internal/webui/dist/assets/SkeletonSurface-BHS59Y-b.css                 5.43 kB │ gzip:  1.27 kB
../internal/webui/dist/assets/SettingsView-DWj_ONyF.css                    9.78 kB │ gzip:  1.59 kB
../internal/webui/dist/assets/use-section-navigation-dUmj-Wc3.css         12.63 kB │ gzip:  2.07 kB
../internal/webui/dist/assets/NewGroupImport-uiHciSaI.css                 12.89 kB │ gzip:  2.22 kB
../internal/webui/dist/assets/InspectorTab-De4Pgxm1.css                   14.29 kB │ gzip:  2.42 kB
../internal/webui/dist/assets/LogsTab-D8zB-YLS.css                        15.93 kB │ gzip:  2.87 kB
../internal/webui/dist/assets/UsageTab-Q06c5gU-.css                       16.83 kB │ gzip:  3.02 kB
../internal/webui/dist/assets/upstream-base-url-CVy_a1UC.css              18.37 kB │ gzip:  3.09 kB
../internal/webui/dist/assets/ModelsView-Gk3hr9ih.css                     18.48 kB │ gzip:  2.98 kB
../internal/webui/dist/assets/MonitorView-CwPKIr4T.css                    20.71 kB │ gzip:  3.63 kB
../internal/webui/dist/assets/AccessKeysView-CaNV-6fg.css                 25.17 kB │ gzip:  4.30 kB
../internal/webui/dist/assets/HomeView-Cld-TjXR.css                       32.90 kB │ gzip:  5.19 kB
../internal/webui/dist/assets/index-n7GNhhtn.css                          44.04 kB │ gzip:  9.00 kB
../internal/webui/dist/assets/GroupDetailView-DnJO31dk.css                59.30 kB │ gzip:  8.68 kB
../internal/webui/dist/assets/types-BBqWE0x0.js                            0.05 kB │ gzip:  0.07 kB
../internal/webui/dist/assets/quota-progress-BI5Tbhja.js                   0.08 kB │ gzip:  0.10 kB
../internal/webui/dist/assets/chevron-right-DSrOIZmj.js                    0.12 kB │ gzip:  0.13 kB
../internal/webui/dist/assets/useFormControl-nqTse8Sj.js                   0.13 kB │ gzip:  0.13 kB
../internal/webui/dist/assets/plus-BoxmAr1J.js                             0.14 kB │ gzip:  0.14 kB
../internal/webui/dist/assets/arrow-right-C47UKSv-.js                      0.15 kB │ gzip:  0.15 kB
../internal/webui/dist/assets/gauge-g0ojzMVn.js                            0.16 kB │ gzip:  0.16 kB
../internal/webui/dist/assets/getActiveElement-DWEoD8ZB.js                 0.18 kB │ gzip:  0.13 kB
../internal/webui/dist/assets/use-debounced-action-BPoqkk4J.js             0.21 kB │ gzip:  0.17 kB
../internal/webui/dist/assets/route-D4hLJXFu.js                            0.24 kB │ gzip:  0.19 kB
../internal/webui/dist/assets/use-abort-controller-pool-BRqhpnFh.js        0.25 kB │ gzip:  0.19 kB
../internal/webui/dist/assets/zap-C9UNYZIR.js                              0.26 kB │ gzip:  0.20 kB
../internal/webui/dist/assets/trash-2-mNSOu-cm.js                          0.31 kB │ gzip:  0.20 kB
../internal/webui/dist/assets/use-visible-refetch-CakSfucJ.js              0.32 kB │ gzip:  0.22 kB
../internal/webui/dist/assets/utils-C-K5yyuV.js                            0.39 kB │ gzip:  0.30 kB
../internal/webui/dist/assets/layers-DyaW0HAO.js                           0.41 kB │ gzip:  0.23 kB
../internal/webui/dist/assets/uuid-tgTjfN53.js                             0.44 kB │ gzip:  0.29 kB
../internal/webui/dist/assets/use-transient-flag-AiCklClQ.js               0.47 kB │ gzip:  0.32 kB
../internal/webui/dist/assets/PageHeader-COk0WhLj.js                       0.52 kB │ gzip:  0.35 kB
../internal/webui/dist/assets/protocols-D4_4WDR2.js                        0.52 kB │ gzip:  0.20 kB
../internal/webui/dist/assets/eye-D-zsbbFt.js                              0.62 kB │ gzip:  0.33 kB
../internal/webui/dist/assets/AppDateTime-rsLQ5IBj.js                      0.72 kB │ gzip:  0.43 kB
../internal/webui/dist/assets/CollectionFilterBar-Bpnoyh5z.js              0.74 kB │ gzip:  0.44 kB
../internal/webui/dist/assets/PageFrame-CFBHuOQV.js                        0.77 kB │ gzip:  0.40 kB
../internal/webui/dist/assets/EmptyState-BkyoTWwT.js                       0.78 kB │ gzip:  0.45 kB
../internal/webui/dist/assets/async-surface-DxTbtzAo.js                    0.78 kB │ gzip:  0.46 kB
../internal/webui/dist/assets/AppTypedConfirmation-z87G6h2R.js             0.91 kB │ gzip:  0.55 kB
../internal/webui/dist/assets/DisclosurePanel-BWWPlEB2.js                  0.95 kB │ gzip:  0.50 kB
../internal/webui/dist/assets/route-query-v2C5Zu61.js                      0.96 kB │ gzip:  0.46 kB
../internal/webui/dist/assets/LedgerRecordList-4oQyctw_.js                 0.98 kB │ gzip:  0.58 kB
../internal/webui/dist/assets/system-update-CANoVh8c.js                    1.23 kB │ gzip:  0.70 kB
../internal/webui/dist/assets/CopyButton-eyWHuUAt.js                       1.38 kB │ gzip:  0.74 kB
../internal/webui/dist/assets/AppRelativeTime-BNznmIUI.js                  1.44 kB │ gzip:  0.69 kB
../internal/webui/dist/assets/DataTable-BZ0HNuYS.js                        1.45 kB │ gzip:  0.77 kB
../internal/webui/dist/assets/invalidation-BLKD5X1d.js                     1.54 kB │ gzip:  0.51 kB
../internal/webui/dist/assets/NotFoundView-4VT2qvq8.js                     1.59 kB │ gzip:  0.83 kB
../internal/webui/dist/assets/AppSearchInput-tg2C0ZgD.js                   1.75 kB │ gzip:  0.92 kB
../internal/webui/dist/assets/OverflowTooltip-BXrr3Xzj.js                  1.75 kB │ gzip:  0.91 kB
../internal/webui/dist/assets/proxy-C0Mnlg7E.js                            1.75 kB │ gzip:  0.81 kB
../internal/webui/dist/assets/AccessKeyCostLimitWindowTime-BHW4I_Rz.js     1.79 kB │ gzip:  0.87 kB
../internal/webui/dist/assets/mutation-outcome-0Oux6mYK.js                 1.81 kB │ gzip:  0.73 kB
../internal/webui/dist/assets/errors-DV91iJde.js                           1.93 kB │ gzip:  1.00 kB
../internal/webui/dist/assets/SegmentedControl-RY8opfhm.js                 1.93 kB │ gzip:  0.98 kB
../internal/webui/dist/assets/CollectionStatusSummary-CrclXcvP.js          1.96 kB │ gzip:  0.82 kB
../internal/webui/dist/assets/AppDrawer-BuN6c-5P.js                        2.02 kB │ gzip:  0.90 kB
../internal/webui/dist/assets/FormField-n7fiCDyC.js                        2.14 kB │ gzip:  0.88 kB
../internal/webui/dist/assets/AppTextInput-D0n40kYM.js                     2.16 kB │ gzip:  1.03 kB
../internal/webui/dist/assets/model-prices-CwwF6lcN.js                     2.23 kB │ gzip:  1.26 kB
../internal/webui/dist/assets/CopyChip-DWsr79q3.js                         2.29 kB │ gzip:  1.12 kB
../internal/webui/dist/assets/model-prices-B_BrjuoZ.js                     2.34 kB │ gzip:  1.07 kB
../internal/webui/dist/assets/StickySaveBar-DyGR20tk.js                    2.64 kB │ gzip:  1.20 kB
../internal/webui/dist/assets/PaginationBar-eZRmjud7.js                    2.67 kB │ gzip:  1.13 kB
../internal/webui/dist/assets/StatusBadge-MdjBYfo_.js                      2.67 kB │ gzip:  1.17 kB
../internal/webui/dist/assets/AccessKeySelect-CNslddKu.js                  2.71 kB │ gzip:  1.31 kB
../internal/webui/dist/assets/AppTabs-DX-VxnJo.js                          2.74 kB │ gzip:  1.31 kB
../internal/webui/dist/assets/model-prices-hS2X0slX.js                     2.90 kB │ gzip:  1.34 kB
../internal/webui/dist/assets/CredentialHealthBar-D3YAreH_.js              3.04 kB │ gzip:  1.00 kB
../internal/webui/dist/assets/CopyFallbackDialog-S2JJ-Dzm.js               3.50 kB │ gzip:  1.67 kB
../internal/webui/dist/assets/models-Ac7_FsKY.js                           4.03 kB │ gzip:  1.93 kB
../internal/webui/dist/assets/models-YO08748o.js                           4.04 kB │ gzip:  1.59 kB
../internal/webui/dist/assets/models-D2OGihSe.js                           5.06 kB │ gzip:  2.16 kB
../internal/webui/dist/assets/AppSwitch-CL8axf18.js                        5.10 kB │ gzip:  1.86 kB
../internal/webui/dist/assets/providers-DpRO7xkA.js                        5.40 kB │ gzip:  2.20 kB
../internal/webui/dist/assets/CredentialTextarea-DDi7Ly-a.js               5.67 kB │ gzip:  2.14 kB
../internal/webui/dist/assets/devtools-CN5uWJaH-V4kxwlxk.js                5.69 kB │ gzip:  2.57 kB
../internal/webui/dist/assets/health-B76SvUog.js                           5.72 kB │ gzip:  1.83 kB
../internal/webui/dist/assets/format-CdUoD8td.js                           6.20 kB │ gzip:  2.36 kB
../internal/webui/dist/assets/settings-C2XYkHXa.js                         6.77 kB │ gzip:  3.39 kB
../internal/webui/dist/assets/LoginView-CaGnlnpD.js                        7.13 kB │ gzip:  2.66 kB
../internal/webui/dist/assets/access-keys-DgDQOyzL.js                      7.19 kB │ gzip:  2.66 kB
../internal/webui/dist/assets/TabsTrigger-BmASGCBi.js                      7.36 kB │ gzip:  2.57 kB
../internal/webui/dist/assets/settings-CDueVcFL.js                         7.49 kB │ gzip:  2.98 kB
../internal/webui/dist/assets/SkeletonSurface-DouOO8OH.js                  7.73 kB │ gzip:  2.87 kB
../internal/webui/dist/assets/ImportView-Bk8by1OU.js                       8.28 kB │ gzip:  3.39 kB
../internal/webui/dist/assets/ExistingGroupImport-B_8676AD.js              9.00 kB │ gzip:  3.35 kB
../internal/webui/dist/assets/DialogTrigger-DHYV2Pgr.js                    9.04 kB │ gzip:  2.38 kB
../internal/webui/dist/assets/settings-D7crsCdI.js                         9.39 kB │ gzip:  3.78 kB
../internal/webui/dist/assets/AsyncRefreshIndicator-BpBVUTas.js           10.87 kB │ gzip:  4.12 kB
../internal/webui/dist/assets/access-keys-CUW0nXEc.js                     12.55 kB │ gzip:  5.28 kB
../internal/webui/dist/assets/access-keys-CXj6KwkL.js                     13.08 kB │ gzip:  4.74 kB
../internal/webui/dist/assets/groups-BgBL9Xfb.js                          14.11 kB │ gzip:  3.97 kB
../internal/webui/dist/assets/import-DjL0CKQm.js                          14.72 kB │ gzip:  6.03 kB
../internal/webui/dist/assets/GroupsView-DkoZEjon.js                      15.25 kB │ gzip:  4.84 kB
../internal/webui/dist/assets/core-BlTbLUnw.js                            15.65 kB │ gzip:  7.18 kB
../internal/webui/dist/assets/import-COjk4sgU.js                          16.14 kB │ gzip:  5.49 kB
../internal/webui/dist/assets/core-IH5zjEAW.js                            16.53 kB │ gzip:  6.38 kB
../internal/webui/dist/assets/access-keys-of0qtVLq.js                     16.86 kB │ gzip:  5.63 kB
../internal/webui/dist/assets/use-section-navigation-DKeQr8SE.js          17.94 kB │ gzip:  5.27 kB
../internal/webui/dist/assets/credentials-Ezyo7z--.js                     18.63 kB │ gzip:  5.67 kB
../internal/webui/dist/assets/import-BH_vHmjj.js                          20.80 kB │ gzip:  6.62 kB
../internal/webui/dist/assets/core-BlILt3J-.js                            21.28 kB │ gzip:  7.65 kB
../internal/webui/dist/assets/client-context-DOzAnypS.js                  23.17 kB │ gzip:  8.30 kB
../internal/webui/dist/assets/group-CL5eMhuB.js                           24.49 kB │ gzip:  9.39 kB
../internal/webui/dist/assets/group-BaNp0xBy.js                           26.27 kB │ gzip:  8.69 kB
../internal/webui/dist/assets/AppSelect-YWLqTrSD.js                       26.34 kB │ gzip:  8.42 kB
../internal/webui/dist/assets/InspectorTab-BEJGFet9.js                    29.22 kB │ gzip:  7.76 kB
../internal/webui/dist/assets/monitor-DFCqaYtn.js                         31.07 kB │ gzip: 10.69 kB
../internal/webui/dist/assets/monitor-BUEYcv04.js                         32.89 kB │ gzip:  9.86 kB
../internal/webui/dist/assets/group-Y1N5f1ey.js                           34.88 kB │ gzip: 10.32 kB
../internal/webui/dist/assets/monitor-CU_89DZQ.js                         40.87 kB │ gzip: 11.52 kB
../internal/webui/dist/assets/NewGroupImport-CljLLGWn.js                  44.89 kB │ gzip: 12.58 kB
../internal/webui/dist/assets/upstream-base-url-CxE4MLro.js               46.70 kB │ gzip: 13.80 kB
../internal/webui/dist/assets/AppButton-BG04AxsZ.js                       48.30 kB │ gzip: 16.36 kB
../internal/webui/dist/assets/MonitorView-CXV9FYQE.js                     52.94 kB │ gzip: 14.90 kB
../internal/webui/dist/assets/UsageTab-DI8hA84U.js                        53.61 kB │ gzip: 14.13 kB
../internal/webui/dist/assets/ChannelIcon-D1Nn2QMl.js                     55.11 kB │ gzip: 19.23 kB
../internal/webui/dist/assets/SettingsView-CzgBgmfZ.js                    55.70 kB │ gzip: 13.03 kB
../internal/webui/dist/assets/ModelsView-BFjTBVi2.js                      55.91 kB │ gzip: 15.60 kB
../internal/webui/dist/assets/HomeView-DPuimH_Z.js                        65.25 kB │ gzip: 19.12 kB
../internal/webui/dist/assets/LogsTab-B4_SPmoF.js                         74.67 kB │ gzip: 18.49 kB
../internal/webui/dist/assets/AccessKeysView-CmJGNQD7.js                  90.31 kB │ gzip: 24.02 kB
../internal/webui/dist/assets/index-Bd4ewtdU.js                           97.21 kB │ gzip: 31.89 kB
../internal/webui/dist/assets/GroupDetailView-CNSrQksA.js                169.68 kB │ gzip: 42.05 kB
../internal/webui/dist/assets/Primitive-BNT-mqpw.js                      180.25 kB │ gzip: 65.52 kB

✓ built in 12.28s
[PLUGIN_TIMINGS] Your build spent 42% of 12.3s inside plugin hooks (5.2s).
Measured inside the callback, so queue time is excluded and time the callback itself awaited is not:
  - vite:vue transform (20%, 2.4s, 474 calls)
Those rows are 20% of the build; the rest of the 42% is below.
Not measurable — 2 hooks whose calls overlap, so elapsed time covers work other calls were doing. Profile with `node --cpu-prof`:
  - vite:asset load (30 calls)
  - @tailwindcss/vite:generate:build transform (153 calls)
See https://rolldown.rs/reference/InputOptions.checks#plugintimings for more details.

