$ tsgo -b && rsbuild build

Rsbuild v2.1.6

info    build started...
ready   built in 32.3s

File (web)                                                             Size         Gzip   
dist\static\js\async\7250.e6025cc38e.js                                0.10 kB      0.10 kB
dist\static\js\async\4527.136f9bc1d3.js                                0.15 kB      0.14 kB
dist\static\js\async\8458.b077b85a48.js                                0.15 kB      0.14 kB
dist\static\js\async\3197.99a09f68dd.js                                0.15 kB      0.14 kB
dist\static\js\async\349.8b42eb0cc8.js                                 0.15 kB      0.14 kB
dist\static\js\async\8666.5b959d0cbe.js                                0.20 kB      0.17 kB
dist\static\js\async\576.fc497d38ac.js                                 0.88 kB      0.50 kB
dist\static\js\async\8063.49c00ffa52.js                                1.0 kB       0.57 kB
dist\static\js\async\9941.037e923972.js                                1.0 kB       0.57 kB
dist\index.html                                                        1.5 kB       0.74 kB
dist\static\js\async\70.a9d7d167a9.js                                  2.2 kB       1.1 kB
dist\static\js\async\8102.ea4a70d827.js                                2.3 kB       1.2 kB
dist\static\js\async\4247.e70d802250.js                                3.0 kB       1.4 kB
dist\static\js\async\837.43acdcff66.js                                 3.2 kB       1.5 kB
dist\static\js\async\2414.14c98d9fd1.js                                3.2 kB       1.0 kB
dist\static\js\async\4083.83244dec19.js                                3.3 kB       1.7 kB
dist\static\js\async\5676.2912e31cb6.js                                3.3 kB       1.3 kB
dist\static\js\async\9641.01522712f4.js                                3.5 kB       1.5 kB
dist\static\js\async\7578.4a4984699b.js                                3.5 kB       1.5 kB
dist\static\js\async\9634.9503f79728.js                                3.9 kB       1.9 kB
dist\static\js\async\344.fbe53388e5.js                                 3.9 kB       1.7 kB
dist\static\js\async\3559.b6d0aeeabe.js                                4.1 kB       1.8 kB
dist\static\js\async\6215.a1abc9eac5.js                                4.1 kB       1.8 kB
dist\static\js\async\8839.1a2278c3bc.js                                4.1 kB       1.8 kB
dist\static\js\async\9908.9cfd100e5e.js                                4.2 kB       1.6 kB
dist\static\font\KaTeX_Size3-Regular.9acaf01c64.woff                   4.4 kB    
dist\static\js\async\2994.4d526f4a39.js                                4.7 kB       2.0 kB
dist\static\js\async\9998.777a9ac300.js                                4.7 kB       2.0 kB
dist\static\js\async\6362.9e1fa7c673.js                                4.9 kB       2.1 kB
dist\static\font\KaTeX_Size4-Regular.10d95fd3a2.woff2                  4.9 kB    
dist\static\js\async\2097.c27510684d.js                                5.0 kB       2.1 kB
dist\static\font\KaTeX_Size2-Regular.5916a24fa3.woff2                  5.2 kB    
dist\static\js\async\1648.f69cf2b969.js                                5.3 kB       2.2 kB
dist\static\font\KaTeX_Size1-Regular.eae34984b3.woff2                  5.5 kB    
dist\static\js\async\2122.94b9e16724.js                                5.6 kB       2.4 kB
dist\static\js\async\3965.052c623738.js                                5.7 kB       2.1 kB
dist\static\font\KaTeX_Size4-Regular.7a996c9da2.woff                   6.0 kB    
dist\static\js\async\4661.5ee8262040.js                                6.0 kB       2.6 kB
dist\static\font\KaTeX_Size2-Regular.577270225e.woff                   6.2 kB    
dist\static\font\KaTeX_Size1-Regular.e1e279cbdd.woff                   6.5 kB    
dist\static\font\KaTeX_Caligraphic-Regular.55fac25845.woff2            6.9 kB    
dist\static\font\KaTeX_Caligraphic-Bold.ec17d13264.woff2               6.9 kB    
dist\static\js\async\4993.7a050c55b2.js                                6.9 kB       2.6 kB
dist\static\js\async\311.9a0a7343c6.js                                 7.0 kB       3.0 kB
dist\static\js\async\5470.e133e161c1.js                                7.3 kB       2.1 kB
dist\static\js\async\6553.59885b89cc.js                                7.4 kB       2.7 kB
dist\static\js\async\273.206cb5c134.js                                 7.4 kB       3.0 kB
dist\static\js\async\2450.4768faacea.js                                7.5 kB       2.9 kB
dist\static\font\KaTeX_Size3-Regular.a144ef5840.ttf                    7.6 kB    
dist\static\js\async\9940.bb0a1898ab.js                                7.6 kB       3.1 kB
dist\static\font\KaTeX_Caligraphic-Regular.dad44a7fc6.woff             7.7 kB    
dist\static\font\KaTeX_Caligraphic-Bold.b67709187b.woff                7.7 kB    
dist\static\font\public-sans-vietnamese-wght-normal.7b0fa8550c.woff2   7.7 kB    
dist\static\js\async\3787.c4d4d01338.js                                7.9 kB       3.5 kB
dist\static\js\async\7469.adf5f05210.js                                8.0 kB       3.3 kB
dist\static\js\async\9243.b3e951c69c.js                                8.3 kB       3.2 kB
dist\static\js\async\7729.bb30c68e29.js                                8.3 kB       3.0 kB
dist\static\js\async\9928.1be2720bff.js                                8.3 kB       2.8 kB
dist\static\js\async\829.ebf8dde046.js                                 8.7 kB       3.3 kB
dist\static\font\lora-vietnamese-wght-normal.19149cdf69.woff2          9.0 kB    
dist\static\font\KaTeX_Script-Regular.03e9641d6f.woff2                 9.6 kB    
dist\static\js\async\2878.d670425906.js                                10.2 kB      4.3 kB
dist\static\font\KaTeX_SansSerif-Regular.ba21ed5f84.woff2              10.3 kB   
dist\static\font\KaTeX_Size4-Regular.fbccdabe0a.ttf                    10.4 kB   
dist\static\js\async\4748.5ffbde2170.js                                10.6 kB      3.8 kB
dist\static\font\KaTeX_Script-Regular.0750571032.woff                  10.6 kB   
dist\static\js\async\7166.02a20a4907.js                                10.8 kB      4.1 kB
dist\static\font\KaTeX_Fraktur-Regular.d3c882a649.woff2                11.3 kB   
dist\static\font\KaTeX_Fraktur-Bold.d42a5579b0.woff2                   11.3 kB   
dist\static\font\KaTeX_Size2-Regular.d6b476ecd3.ttf                    11.5 kB   
dist\static\font\KaTeX_SansSerif-Italic.3b1e59b3ba.woff2               12.0 kB   
dist\static\font\KaTeX_SansSerif-Bold.8c5b5494b6.woff2                 12.2 kB   
dist\static\font\KaTeX_Size1-Regular.fabc004aab.ttf                    12.2 kB   
dist\static\font\KaTeX_SansSerif-Regular.740484788f.woff               12.3 kB   
dist\static\font\KaTeX_Caligraphic-Regular.07ef19e7b0.ttf              12.3 kB   
dist\static\font\KaTeX_Caligraphic-Bold.cce5b8ecea.ttf                 12.4 kB   
dist\static\js\async\7868.16e9ce643e.js                                12.4 kB      3.4 kB
dist\static\js\async\2063.54ca2332e9.js                                12.6 kB      3.9 kB
dist\static\js\async\6501.4a3da98b3e.js                                12.9 kB      3.4 kB
dist\static\font\KaTeX_Fraktur-Regular.7c1871215e.woff                 13.2 kB   
dist\static\font\KaTeX_Fraktur-Bold.9f256b8593.woff                    13.3 kB   
dist\static\font\KaTeX_Typewriter-Regular.a8709e3622.woff2             13.6 kB   
dist\static\js\async\2860.3a1959daeb.js                                14.0 kB      4.7 kB
dist\static\js\async\8569.f2e3ab6b75.js                                14.0 kB      4.2 kB
dist\static\font\KaTeX_SansSerif-Italic.7c9bc82b17.woff                14.1 kB   
dist\static\js\async\7260.98b8ca2e58.js                                14.4 kB      5.2 kB
dist\static\font\KaTeX_SansSerif-Bold.bf59d231c3.woff                  14.4 kB   
dist\static\js\async\1447.9ea30879a1.js                                14.8 kB      4.8 kB
dist\static\js\async\4137.f57543f6c5.js                                15.3 kB      5.1 kB
dist\favicon.ico                                                       15.4 kB   
dist\static\font\KaTeX_Typewriter-Regular.6258592bdc.woff              16.0 kB   
dist\static\font\KaTeX_Math-BoldItalic.572d331f69.woff2                16.4 kB   
dist\static\js\async\3030.f5e43e708e.js                                16.4 kB      5.3 kB
dist\static\font\KaTeX_Math-Italic.f28c23acad.woff2                    16.4 kB   
dist\static\font\KaTeX_Script-Regular.fe9cbbe1a0.ttf                   16.6 kB   
dist\static\font\KaTeX_Main-BoldItalic.6f2bb1dff2.woff2                16.8 kB   
dist\static\js\async\2213.f62b6ff7d4.js                                17.0 kB      4.8 kB
dist\static\font\KaTeX_Main-Italic.8916142bec.woff2                    17.0 kB   
dist\static\font\lora-symbols-wght-normal.0f558387a7.woff2             17.2 kB   
dist\static\js\async\6397.35225ad9a2.js                                17.8 kB      5.7 kB
dist\static\js\async\1147.8fc5acbccc.js                                18.3 kB      6.0 kB
dist\static\font\public-sans-latin-ext-wght-normal.0afa0ba4c0.woff2    18.5 kB   
dist\static\font\KaTeX_Math-BoldItalic.f1035d8d5d.woff                 18.7 kB   
dist\static\font\KaTeX_Math-Italic.5295ba483a.woff                     18.7 kB   
dist\static\js\async\3247.9fdb24cd4b.js                                18.8 kB      6.4 kB
dist\static\font\KaTeX_Main-BoldItalic.e3f82f9d27.woff                 19.4 kB   
dist\static\font\KaTeX_SansSerif-Regular.d4d7ba4804.ttf                19.4 kB   
dist\static\font\KaTeX_Fraktur-Regular.ed38e79f57.ttf                  19.6 kB   
dist\static\font\KaTeX_Fraktur-Bold.b18f59e1d1.ttf                     19.6 kB   
dist\static\font\KaTeX_Main-Italic.9024d815ba.woff                     19.7 kB   
dist\static\font\lora-latin-ext-wght-normal.ffcbee2da9.woff2           20.1 kB   
dist\static\js\async\4028.c29b1828a5.js                                20.6 kB      7.7 kB
dist\static\font\lora-cyrillic-wght-normal.e27a865958.woff2            21.2 kB   
dist\static\js\async\7020.6a87c7b5ef.js                                21.5 kB      5.5 kB
dist\static\js\async\745.8c0fdeb156.js                                 22.1 kB      7.0 kB
dist\static\js\async\3306.d48e9a3646.js                                22.1 kB      7.3 kB
dist\static\font\KaTeX_SansSerif-Italic.b4c20c84d8.ttf                 22.4 kB   
dist\static\js\async\8954.44f677e586.js                                23.3 kB      6.8 kB
dist\static\font\lora-cyrillic-ext-wght-normal.a558ae9346.woff2        23.6 kB   
dist\static\font\KaTeX_SansSerif-Bold.94e1e8dc5f.ttf                   24.5 kB   
dist\static\font\KaTeX_Main-Bold.c3fb5ac22f.woff2                      25.3 kB   
dist\static\font\KaTeX_Main-Regular.0462f03bdf.woff2                   26.3 kB   
dist\static\font\public-sans-latin-wght-normal.035c7fe496.woff2        26.8 kB   
dist\static\js\async\9645.2b50f48850.js                                27.3 kB      7.4 kB
dist\static\font\KaTeX_Typewriter-Regular.d97aaf4a1e.ttf               27.6 kB   
dist\static\font\KaTeX_AMS-Regular.a79f1c3119.woff2                    28.1 kB   
dist\static\js\async\712.f133ffe1de.js                                 28.2 kB      8.6 kB
dist\static\js\async\7280.550b85a1e3.js                                28.7 kB      8.6 kB
dist\static\font\lora-math-wght-normal.b7769d42e6.woff2                29.2 kB   
dist\static\css\5711.10e003a7e2.css                                    29.2 kB      8.0 kB
dist\static\font\KaTeX_Main-Bold.d181c4650d.woff                       29.9 kB   
dist\static\font\KaTeX_Main-Regular.7f51fe0340.woff                    30.8 kB   
dist\static\font\KaTeX_Math-BoldItalic.a879cf8383.ttf                  31.2 kB   
dist\static\font\KaTeX_Math-Italic.939bc64440.ttf                      31.3 kB   
dist\static\font\KaTeX_Main-BoldItalic.70d8b0a530.ttf                  33.0 kB   
dist\static\font\KaTeX_AMS-Regular.1608a09b4a.woff                     33.5 kB   
dist\static\font\KaTeX_Main-Italic.47373d1e51.ttf                      33.6 kB   
dist\static\font\lora-latin-wght-normal.f60a385cfb.woff2               37.8 kB   
dist\static\js\async\5712.21908d1eaa.js                                37.9 kB      10.4 kB
dist\static\js\async\8669.c17593df1c.js                                38.0 kB      10.9 kB
dist\static\js\async\5063.1818979bf3.js                                38.4 kB      10.6 kB
dist\static\js\async\1562.978e49c949.js                                48.4 kB      11.8 kB
dist\static\js\async\4844.746ec9b25c.js                                48.5 kB      20.3 kB
dist\static\font\KaTeX_Main-Bold.b74a1a8b2c.ttf                        51.3 kB   
dist\static\font\KaTeX_Main-Regular.b7f8fe9b5f.ttf                     53.6 kB   
dist\static\js\async\793.e34d569891.js                                 55.0 kB      16.6 kB
dist\static\js\async\6786.1f00845222.js                                57.7 kB      15.0 kB
dist\static\js\async\1724.18d1373b5e.js                                61.0 kB      19.2 kB
dist\static\js\async\5804.f08ba31943.js                                62.2 kB      18.3 kB
dist\static\font\KaTeX_AMS-Regular.4aafdb685c.ttf                      63.6 kB   
dist\static\js\async\5673.86b14960ee.js                                70.4 kB      19.4 kB
dist\static\js\async\3023.d53e447b10.js                                73.7 kB      19.6 kB
dist\static\js\async\707.d617bf9ba5.js                                 76.4 kB      21.7 kB
dist\static\js\async\230.141748e9a2.js                                 88.9 kB      24.8 kB
dist\static\js\async\1324.125b0b48cc.js                                94.6 kB      24.8 kB
dist\static\js\async\1188.c49613983e.js                                95.4 kB      28.5 kB
dist\static\js\async\7587.ab9f49287a.js                                98.8 kB      28.4 kB
dist\static\js\async\1923.0ddc6015e0.js                                115.5 kB     14.4 kB
dist\static\js\async\5076.c3f7f236b1.js                                155.0 kB     38.8 kB
dist\static\js\async\2424.82c9ed0532.js                                168.2 kB     42.3 kB
dist\static\js\vendor-tanstack.41b48fabbb.js                           178.4 kB     52.1 kB
dist\static\js\async\8085.a0d000b045.js                                186.4 kB     30.0 kB
dist\static\js\lib-react.064bab1680.js                                 189.0 kB     59.7 kB
dist\static\js\async\9253.07a7c08b7c.js                                209.1 kB     74.1 kB
dist\static\js\async\3427.cc585d3fa4.js                                227.0 kB     63.8 kB
dist\static\js\async\6314.31f3f0d7a7.js                                235.4 kB     61.3 kB
dist\static\js\async\4345.19b033e29c.js                                259.8 kB     72.0 kB
dist\static\js\async\4369.da4cc377b8.js                                281.6 kB     73.7 kB
dist\static\js\async\6709.56a044e410.js                                288.6 kB     62.5 kB
dist\static\js\async\2813.8b69e111e2.js                                301.7 kB     75.6 kB
dist\static\js\async\7396.32b6e9c276.js                                328.5 kB     81.1 kB
dist\static\js\vendor-ui-primitives.3ac43eace1.js                      344.6 kB     111.0 kB
dist\static\js\async\4495.8c469f344b.js                                365.3 kB     123.7 kB
dist\static\js\async\9126.b8ae74fcfc.js                                404.9 kB     93.2 kB
dist\static\js\async\9120.da1e517c54.js                                419.7 kB     118.2 kB
dist\static\css\index.6e9dc5c494.css                                   453.4 kB     66.9 kB
dist\static\js\async\9534.012eec26ae.js                                458.6 kB     143.9 kB
dist\static\js\async\9884.20e91e5653.js                                465.8 kB     100.4 kB
dist\static\js\async\6139.cc8363fd35.js                                483.7 kB     157.5 kB
dist\static\js\async\7124.65a9269f85.js                                505.7 kB     175.0 kB
dist\static\js\async\1129.41cfd8d75e.js                                529.9 kB     179.8 kB
dist\static\js\async\9309.9b56d27d3e.js                                577.1 kB     109.4 kB
dist\static\js\async\5229.9362ee6298.js                                691.4 kB     80.9 kB
dist\static\js\async\4744.5c6f2d3b08.js                                707.5 kB     196.8 kB
dist\static\js\async\5430.ea74b4eb8d.js                                746.4 kB     235.3 kB
dist\static\js\async\1127.bee1faa10b.js                                786.7 kB     210.7 kB
dist\static\js\async\6981.f850cc11ff.js                                793.9 kB     201.6 kB
dist\static\js\async\4312.a85da8f45f.js                                921.3 kB     257.4 kB
dist\static\js\5711.b8a9dc8cac.js                                      944.9 kB     290.3 kB
dist\static\js\async\5103.f5f0172d61.js                                1183.9 kB    320.3 kB
dist\static\js\async\7515.da10aad504.js                                1319.1 kB    426.9 kB
dist\static\js\async\9353.e2ede62aa4.js                                1625.0 kB    302.6 kB
dist\static\js\async\4151.99268a3b97.js                                1664.5 kB    485.5 kB
dist\static\js\async\3239.33fd36c243.js                                1961.9 kB    418.0 kB
dist\static\js\async\240.8dd4101a83.js                                 2119.8 kB    560.8 kB
dist\static\js\async\5143.003cfdc535.js                                2147.8 kB    478.0 kB
dist\static\js\async\8496.d136c3a3a9.js                                3164.3 kB    374.1 kB
dist\static\js\index.79c996e12c.js                                     4640.4 kB    1312.1 kB
dist\static\js\async\3898.ebb33f5002.js                                5088.1 kB    1968.2 kB
dist\static\js\async\9197.6b3bf7a7e7.js                                5371.6 kB    1203.9 kB
dist\static\js\async\7765.8056ba26ed.js                                5470.0 kB    1030.3 kB
dist\static\js\async\9926.350cbf223b.js                                6827.3 kB    2750.5 kB

                                                              Total:   59306.4 kB   17108.3 kB

