$ node scripts/format-with-protected-headers.mjs --check
Finished in 1479ms on 1389 files using 16 threads.
Format issues found in protected-header-safe check:
default\src\features\active-tasks\api.ts
default\src\features\active-tasks\index.tsx
default\src\features\blackroom\api.ts
default\src\features\blackroom\components\blackroom-columns.tsx
default\src\features\blackroom\components\blackroom-primary-buttons.tsx
default\src\features\blackroom\components\blackroom-provider.tsx
default\src\features\blackroom\components\blackroom-setting-dialog.tsx
default\src\features\blackroom\components\blackroom-table.tsx
default\src\features\blackroom\components\data-table-row-actions.tsx
default\src\features\blackroom\components\manual-ban-dialog.tsx
default\src\features\blackroom\components\release-dialog.tsx
default\src\features\blackroom\index.tsx
default\src\features\blackroom\lib\blackroom-form.ts
default\src\features\dynamic-ratio\api.ts
default\src\features\dynamic-ratio\index.tsx
default\src\features\fingerprints\api.ts
default\src\features\fingerprints\index.tsx
default\src\features\invite-codes\api.ts
default\src\features\invite-codes\constants.ts
default\src\features\invite-codes\index.tsx
default\src\features\model-health\api.ts
default\src\features\model-health\hourly-page.tsx
default\src\features\model-health\public-page.tsx
default\src\features\recent-calls\api.ts
default\src\features\recent-calls\index.tsx
default\src\routes\model-health\index.tsx
default\src\routes\_authenticated\active-tasks\index.tsx
default\src\routes\_authenticated\blackroom\index.tsx
default\src\routes\_authenticated\dynamic-ratio\index.tsx
default\src\routes\_authenticated\fingerprints\index.tsx
default\src\routes\_authenticated\invite-codes\index.tsx
default\src\routes\_authenticated\model-health-hourly\index.tsx
default\src\routes\_authenticated\recent-calls\index.tsx
scripts\add-copyright.mjs
scripts\format-with-protected-headers.mjs
scripts\sync-i18n.mjs
src\components\ai-elements\response-renderer-inline.tsx
src\components\ai-elements\__tests__\response-fade-render.test.tsx
src\components\ai-elements\__tests__\response-fade.test.ts
src\components\data-table\hooks\use-data-table.ts
src\components\data-table\toolbar\view-options.tsx
src\components\layout\components\public-header.tsx
src\components\layout\components\top-nav.tsx
src\components\model-group-selector-layout.ts
src\features\active-tasks\api.ts
src\features\active-tasks\index.tsx
src\features\active-tasks\types.ts
src\features\blackroom\api.ts
src\features\blackroom\components\blackroom-dialogs.tsx
src\features\blackroom\components\blackroom-primary-buttons.tsx
src\features\blackroom\components\blackroom-provider.tsx
src\features\blackroom\components\blackroom-setting-dialog.tsx
src\features\blackroom\components\blackroom-table.tsx
src\features\blackroom\components\data-table-row-actions.tsx
src\features\blackroom\components\manual-ban-dialog.tsx
src\features\blackroom\components\release-dialog.tsx
src\features\blackroom\index.tsx
src\features\blackroom\lib\blackroom-form.ts
src\features\blackroom\lib\index.ts
src\features\blackroom\types.ts
src\features\dashboard\components\models\models-chart-preferences.tsx
src\features\dynamic-ratio\api.ts
src\features\dynamic-ratio\index.tsx
src\features\dynamic-ratio\types.ts
src\features\errors\general-error.tsx
src\features\fingerprints\api.ts
src\features\fingerprints\index.tsx
src\features\fingerprints\types.ts
src\features\invite-codes\api.ts
src\features\invite-codes\constants.ts
src\features\invite-codes\types.ts
src\features\model-health\api.ts
src\features\model-health\components\health-timeline.tsx
src\features\model-health\components\model-health-card.tsx
src\features\model-health\components\stat-card.tsx
src\features\model-health\hourly-page.tsx
src\features\model-health\public-page.tsx
src\features\profile\components\checkin-calendar-card.tsx
src\features\recent-calls\api.ts
src\features\recent-calls\index.tsx
src\features\recent-calls\types.ts
src\features\redemption-codes\lib\redemption-form.ts
src\features\subscriptions\components\user-subscriptions-table.tsx
src\features\system-settings\general\checkin-settings-section.tsx
src\features\system-settings\maintenance\header-navigation-section.tsx
src\features\wallet\components\subscription-plans-card.tsx
src\hooks\use-fingerprint-report.ts
src\routes\console\log.tsx
src\routes\console\model-health-hourly.tsx
src\routes\console\topup.tsx
src\routes\model-health\index.tsx
src\routes\_authenticated\active-tasks\index.tsx
src\routes\_authenticated\blackroom\index.tsx
src\routes\_authenticated\dynamic-ratio\index.tsx
src\routes\_authenticated\fingerprints\index.tsx
src\routes\_authenticated\invite-codes\index.tsx
src\routes\_authenticated\model-health-hourly\index.tsx
src\routes\_authenticated\recent-calls\index.tsx
error: script "format:check" exited with code 1
